Build output check failed:
    Regex: 'command[- ]line option .* is valid for .* but not for C'
    Output line: 'cc1: warning: command-line option ‘-Wnon-virtual-dtor’ is valid for C++/ObjC++ but not for C'
Compilation failed:
    source file: '/home/nerdstar/NerdStar/backend/opencv/opencv_build/CMakeFiles/CMakeTmp/src.c'
    check option: ' -fsigned-char -ffast-math -fno-finite-math-only -W -Wall -Wreturn-type  -Wnon-virtual-dtor'
===== BUILD LOG =====
Change Dir: '/home/nerdstar/NerdStar/backend/opencv/opencv_build/CMakeFiles/CMakeTmp'

Run Build Command(s): /usr/bin/cmake -E env VERBOSE=1 /usr/bin/gmake -f Makefile cmTC_544c5/fast
/usr/bin/gmake  -f CMakeFiles/cmTC_544c5.dir/build.make CMakeFiles/cmTC_544c5.dir/build
gmake[1]: Entering directory '/home/nerdstar/NerdStar/backend/opencv/opencv_build/CMakeFiles/CMakeTmp'
Building C object CMakeFiles/cmTC_544c5.dir/src.c.o
/usr/bin/cc   -O3 -DNDEBUG -fPIE    -fsigned-char -ffast-math -fno-finite-math-only -W -Wall -Wreturn-type  -Wnon-virtual-dtor -o CMakeFiles/cmTC_544c5.dir/src.c.o -c /home/nerdstar/NerdStar/backend/opencv/opencv_build/CMakeFiles/CMakeTmp/src.c
cc1: warning: command-line option ‘-Wnon-virtual-dtor’ is valid for C++/ObjC++ but not for C
/home/nerdstar/NerdStar/backend/opencv/opencv_build/CMakeFiles/CMakeTmp/src.c:1: warning: ignoring ‘#pragma  ’ [-Wunknown-pragmas]
    1 | #pragma
      | 
Linking C executable cmTC_544c5
/usr/bin/cmake -E cmake_link_script CMakeFiles/cmTC_544c5.dir/link.txt --verbose=1
/usr/bin/cc -O3 -DNDEBUG CMakeFiles/cmTC_544c5.dir/src.c.o -o cmTC_544c5
gmake[1]: Leaving directory '/home/nerdstar/NerdStar/backend/opencv/opencv_build/CMakeFiles/CMakeTmp'


===== END =====

Build output check failed:
    Regex: 'command[- ]line option .* is valid for .* but not for C\+\+'
    Output line: 'cc1plus: warning: command-line option ‘-Wmissing-prototypes’ is valid for C/ObjC but not for C++'
Compilation failed:
    source file: '/home/nerdstar/NerdStar/backend/opencv/opencv_build/CMakeFiles/CMakeTmp/src.cxx'
    check option: ' -fsigned-char -ffast-math -fno-finite-math-only -W -Wall -Wreturn-type -Wnon-virtual-dtor -Waddress -Wsequence-point -Wformat -Wformat-security -Wmissing-declarations  -Wmissing-prototypes'
===== BUILD LOG =====
Change Dir: '/home/nerdstar/NerdStar/backend/opencv/opencv_build/CMakeFiles/CMakeTmp'

Run Build Command(s): /usr/bin/cmake -E env VERBOSE=1 /usr/bin/gmake -f Makefile cmTC_33be2/fast
/usr/bin/gmake  -f CMakeFiles/cmTC_33be2.dir/build.make CMakeFiles/cmTC_33be2.dir/build
gmake[1]: Entering directory '/home/nerdstar/NerdStar/backend/opencv/opencv_build/CMakeFiles/CMakeTmp'
Building CXX object CMakeFiles/cmTC_33be2.dir/src.cxx.o
/usr/bin/c++   -O3 -DNDEBUG -std=c++17 -fPIE    -fsigned-char -ffast-math -fno-finite-math-only -W -Wall -Wreturn-type -Wnon-virtual-dtor -Waddress -Wsequence-point -Wformat -Wformat-security -Wmissing-declarations  -Wmissing-prototypes -o CMakeFiles/cmTC_33be2.dir/src.cxx.o -c /home/nerdstar/NerdStar/backend/opencv/opencv_build/CMakeFiles/CMakeTmp/src.cxx
cc1plus: warning: command-line option ‘-Wmissing-prototypes’ is valid for C/ObjC but not for C++
/home/nerdstar/NerdStar/backend/opencv/opencv_build/CMakeFiles/CMakeTmp/src.cxx:1: warning: ignoring ‘#pragma  ’ [-Wunknown-pragmas]
    1 | #pragma
      | 
Linking CXX executable cmTC_33be2
/usr/bin/cmake -E cmake_link_script CMakeFiles/cmTC_33be2.dir/link.txt --verbose=1
/usr/bin/c++ -O3 -DNDEBUG CMakeFiles/cmTC_33be2.dir/src.cxx.o -o cmTC_33be2
gmake[1]: Leaving directory '/home/nerdstar/NerdStar/backend/opencv/opencv_build/CMakeFiles/CMakeTmp'


===== END =====

Build output check failed:
    Regex: 'command[- ]line option .* is valid for .* but not for C\+\+'
    Output line: 'cc1plus: warning: command-line option ‘-Wstrict-prototypes’ is valid for C/ObjC but not for C++'
Compilation failed:
    source file: '/home/nerdstar/NerdStar/backend/opencv/opencv_build/CMakeFiles/CMakeTmp/src.cxx'
    check option: ' -fsigned-char -ffast-math -fno-finite-math-only -W -Wall -Wreturn-type -Wnon-virtual-dtor -Waddress -Wsequence-point -Wformat -Wformat-security -Wmissing-declarations  -Wstrict-prototypes'
===== BUILD LOG =====
Change Dir: '/home/nerdstar/NerdStar/backend/opencv/opencv_build/CMakeFiles/CMakeTmp'

Run Build Command(s): /usr/bin/cmake -E env VERBOSE=1 /usr/bin/gmake -f Makefile cmTC_2f099/fast
/usr/bin/gmake  -f CMakeFiles/cmTC_2f099.dir/build.make CMakeFiles/cmTC_2f099.dir/build
gmake[1]: Entering directory '/home/nerdstar/NerdStar/backend/opencv/opencv_build/CMakeFiles/CMakeTmp'
Building CXX object CMakeFiles/cmTC_2f099.dir/src.cxx.o
/usr/bin/c++   -O3 -DNDEBUG -std=c++17 -fPIE    -fsigned-char -ffast-math -fno-finite-math-only -W -Wall -Wreturn-type -Wnon-virtual-dtor -Waddress -Wsequence-point -Wformat -Wformat-security -Wmissing-declarations  -Wstrict-prototypes -o CMakeFiles/cmTC_2f099.dir/src.cxx.o -c /home/nerdstar/NerdStar/backend/opencv/opencv_build/CMakeFiles/CMakeTmp/src.cxx
cc1plus: warning: command-line option ‘-Wstrict-prototypes’ is valid for C/ObjC but not for C++
/home/nerdstar/NerdStar/backend/opencv/opencv_build/CMakeFiles/CMakeTmp/src.cxx:1: warning: ignoring ‘#pragma  ’ [-Wunknown-pragmas]
    1 | #pragma
      | 
Linking CXX executable cmTC_2f099
/usr/bin/cmake -E cmake_link_script CMakeFiles/cmTC_2f099.dir/link.txt --verbose=1
/usr/bin/c++ -O3 -DNDEBUG CMakeFiles/cmTC_2f099.dir/src.cxx.o -o cmTC_2f099
gmake[1]: Leaving directory '/home/nerdstar/NerdStar/backend/opencv/opencv_build/CMakeFiles/CMakeTmp'


===== END =====

Build output check failed:
    Regex: 'command[- ]line option .* is valid for .* but not for C'
    Output line: 'cc1: warning: command-line option ‘-Wsign-promo’ is valid for C++/ObjC++ but not for C'
Compilation failed:
    source file: '/home/nerdstar/NerdStar/backend/opencv/opencv_build/CMakeFiles/CMakeTmp/src.c'
    check option: ' -fsigned-char -ffast-math -fno-finite-math-only -W -Wall -Wreturn-type -Waddress -Wsequence-point -Wformat -Wformat-security -Wmissing-declarations -Wmissing-prototypes -Wstrict-prototypes -Wundef -Winit-self -Wpointer-arith -Wshadow  -Wsign-promo'
===== BUILD LOG =====
Change Dir: '/home/nerdstar/NerdStar/backend/opencv/opencv_build/CMakeFiles/CMakeTmp'

Run Build Command(s): /usr/bin/cmake -E env VERBOSE=1 /usr/bin/gmake -f Makefile cmTC_a35f5/fast
/usr/bin/gmake  -f CMakeFiles/cmTC_a35f5.dir/build.make CMakeFiles/cmTC_a35f5.dir/build
gmake[1]: Entering directory '/home/nerdstar/NerdStar/backend/opencv/opencv_build/CMakeFiles/CMakeTmp'
Building C object CMakeFiles/cmTC_a35f5.dir/src.c.o
/usr/bin/cc   -O3 -DNDEBUG -fPIE    -fsigned-char -ffast-math -fno-finite-math-only -W -Wall -Wreturn-type -Waddress -Wsequence-point -Wformat -Wformat-security -Wmissing-declarations -Wmissing-prototypes -Wstrict-prototypes -Wundef -Winit-self -Wpointer-arith -Wshadow  -Wsign-promo -o CMakeFiles/cmTC_a35f5.dir/src.c.o -c /home/nerdstar/NerdStar/backend/opencv/opencv_build/CMakeFiles/CMakeTmp/src.c
cc1: warning: command-line option ‘-Wsign-promo’ is valid for C++/ObjC++ but not for C
/home/nerdstar/NerdStar/backend/opencv/opencv_build/CMakeFiles/CMakeTmp/src.c:1: warning: ignoring ‘#pragma  ’ [-Wunknown-pragmas]
    1 | #pragma
      | 
Linking C executable cmTC_a35f5
/usr/bin/cmake -E cmake_link_script CMakeFiles/cmTC_a35f5.dir/link.txt --verbose=1
/usr/bin/cc -O3 -DNDEBUG CMakeFiles/cmTC_a35f5.dir/src.c.o -o cmTC_a35f5
gmake[1]: Leaving directory '/home/nerdstar/NerdStar/backend/opencv/opencv_build/CMakeFiles/CMakeTmp'


===== END =====

Build output check failed:
    Regex: 'command[- ]line option .* is valid for .* but not for C'
    Output line: 'cc1: warning: command-line option ‘-Wsuggest-override’ is valid for C++/ObjC++ but not for C'
Compilation failed:
    source file: '/home/nerdstar/NerdStar/backend/opencv/opencv_build/CMakeFiles/CMakeTmp/src.c'
    check option: ' -fsigned-char -ffast-math -fno-finite-math-only -W -Wall -Wreturn-type -Waddress -Wsequence-point -Wformat -Wformat-security -Wmissing-declarations -Wmissing-prototypes -Wstrict-prototypes -Wundef -Winit-self -Wpointer-arith -Wshadow -Wuninitialized  -Wsuggest-override'
===== BUILD LOG =====
Change Dir: '/home/nerdstar/NerdStar/backend/opencv/opencv_build/CMakeFiles/CMakeTmp'

Run Build Command(s): /usr/bin/cmake -E env VERBOSE=1 /usr/bin/gmake -f Makefile cmTC_40404/fast
/usr/bin/gmake  -f CMakeFiles/cmTC_40404.dir/build.make CMakeFiles/cmTC_40404.dir/build
gmake[1]: Entering directory '/home/nerdstar/NerdStar/backend/opencv/opencv_build/CMakeFiles/CMakeTmp'
Building C object CMakeFiles/cmTC_40404.dir/src.c.o
/usr/bin/cc   -O3 -DNDEBUG -fPIE    -fsigned-char -ffast-math -fno-finite-math-only -W -Wall -Wreturn-type -Waddress -Wsequence-point -Wformat -Wformat-security -Wmissing-declarations -Wmissing-prototypes -Wstrict-prototypes -Wundef -Winit-self -Wpointer-arith -Wshadow -Wuninitialized  -Wsuggest-override -o CMakeFiles/cmTC_40404.dir/src.c.o -c /home/nerdstar/NerdStar/backend/opencv/opencv_build/CMakeFiles/CMakeTmp/src.c
cc1: warning: command-line option ‘-Wsuggest-override’ is valid for C++/ObjC++ but not for C
/home/nerdstar/NerdStar/backend/opencv/opencv_build/CMakeFiles/CMakeTmp/src.c:1: warning: ignoring ‘#pragma  ’ [-Wunknown-pragmas]
    1 | #pragma
      | 
Linking C executable cmTC_40404
/usr/bin/cmake -E cmake_link_script CMakeFiles/cmTC_40404.dir/link.txt --verbose=1
/usr/bin/cc -O3 -DNDEBUG CMakeFiles/cmTC_40404.dir/src.c.o -o cmTC_40404
gmake[1]: Leaving directory '/home/nerdstar/NerdStar/backend/opencv/opencv_build/CMakeFiles/CMakeTmp'


===== END =====

Build output check failed:
    Regex: 'command[- ]line option .* is valid for .* but not for C'
    Output line: 'cc1: warning: command-line option ‘-Wno-delete-non-virtual-dtor’ is valid for C++/ObjC++ but not for C'
Compilation failed:
    source file: '/home/nerdstar/NerdStar/backend/opencv/opencv_build/CMakeFiles/CMakeTmp/src.c'
    check option: ' -fsigned-char -ffast-math -fno-finite-math-only -W -Wall -Wreturn-type -Waddress -Wsequence-point -Wformat -Wformat-security -Wmissing-declarations -Wmissing-prototypes -Wstrict-prototypes -Wundef -Winit-self -Wpointer-arith -Wshadow -Wuninitialized  -Wno-delete-non-virtual-dtor'
===== BUILD LOG =====
Change Dir: '/home/nerdstar/NerdStar/backend/opencv/opencv_build/CMakeFiles/CMakeTmp'

Run Build Command(s): /usr/bin/cmake -E env VERBOSE=1 /usr/bin/gmake -f Makefile cmTC_fc2a6/fast
/usr/bin/gmake  -f CMakeFiles/cmTC_fc2a6.dir/build.make CMakeFiles/cmTC_fc2a6.dir/build
gmake[1]: Entering directory '/home/nerdstar/NerdStar/backend/opencv/opencv_build/CMakeFiles/CMakeTmp'
Building C object CMakeFiles/cmTC_fc2a6.dir/src.c.o
/usr/bin/cc   -O3 -DNDEBUG -fPIE    -fsigned-char -ffast-math -fno-finite-math-only -W -Wall -Wreturn-type -Waddress -Wsequence-point -Wformat -Wformat-security -Wmissing-declarations -Wmissing-prototypes -Wstrict-prototypes -Wundef -Winit-self -Wpointer-arith -Wshadow -Wuninitialized  -Wno-delete-non-virtual-dtor -o CMakeFiles/cmTC_fc2a6.dir/src.c.o -c /home/nerdstar/NerdStar/backend/opencv/opencv_build/CMakeFiles/CMakeTmp/src.c
cc1: warning: command-line option ‘-Wno-delete-non-virtual-dtor’ is valid for C++/ObjC++ but not for C
/home/nerdstar/NerdStar/backend/opencv/opencv_build/CMakeFiles/CMakeTmp/src.c:1: warning: ignoring ‘#pragma  ’ [-Wunknown-pragmas]
    1 | #pragma
      | 
Linking C executable cmTC_fc2a6
/usr/bin/cmake -E cmake_link_script CMakeFiles/cmTC_fc2a6.dir/link.txt --verbose=1
/usr/bin/cc -O3 -DNDEBUG CMakeFiles/cmTC_fc2a6.dir/src.c.o -o cmTC_fc2a6
gmake[1]: Leaving directory '/home/nerdstar/NerdStar/backend/opencv/opencv_build/CMakeFiles/CMakeTmp'


===== END =====

Build output check failed:
    Regex: 'unrecognized .*option'
    Output line: 'cc1plus: note: unrecognized command-line option ‘-Wno-unnamed-type-template-args’ may have been intended to silence earlier diagnostics'
Compilation failed:
    source file: '/home/nerdstar/NerdStar/backend/opencv/opencv_build/CMakeFiles/CMakeTmp/src.cxx'
    check option: ' -fsigned-char -ffast-math -fno-finite-math-only -W -Wall -Wreturn-type -Wnon-virtual-dtor -Waddress -Wsequence-point -Wformat -Wformat-security -Wmissing-declarations -Wundef -Winit-self -Wpointer-arith -Wshadow -Wsign-promo -Wuninitialized -Wsuggest-override -Wno-delete-non-virtual-dtor  -Wno-unnamed-type-template-args'
===== BUILD LOG =====
Change Dir: '/home/nerdstar/NerdStar/backend/opencv/opencv_build/CMakeFiles/CMakeTmp'

Run Build Command(s): /usr/bin/cmake -E env VERBOSE=1 /usr/bin/gmake -f Makefile cmTC_f5baf/fast
/usr/bin/gmake  -f CMakeFiles/cmTC_f5baf.dir/build.make CMakeFiles/cmTC_f5baf.dir/build
gmake[1]: Entering directory '/home/nerdstar/NerdStar/backend/opencv/opencv_build/CMakeFiles/CMakeTmp'
Building CXX object CMakeFiles/cmTC_f5baf.dir/src.cxx.o
/usr/bin/c++   -O3 -DNDEBUG -std=c++17 -fPIE    -fsigned-char -ffast-math -fno-finite-math-only -W -Wall -Wreturn-type -Wnon-virtual-dtor -Waddress -Wsequence-point -Wformat -Wformat-security -Wmissing-declarations -Wundef -Winit-self -Wpointer-arith -Wshadow -Wsign-promo -Wuninitialized -Wsuggest-override -Wno-delete-non-virtual-dtor  -Wno-unnamed-type-template-args -o CMakeFiles/cmTC_f5baf.dir/src.cxx.o -c /home/nerdstar/NerdStar/backend/opencv/opencv_build/CMakeFiles/CMakeTmp/src.cxx
/home/nerdstar/NerdStar/backend/opencv/opencv_build/CMakeFiles/CMakeTmp/src.cxx:1: warning: ignoring ‘#pragma  ’ [-Wunknown-pragmas]
    1 | #pragma
      | 
cc1plus: note: unrecognized command-line option ‘-Wno-unnamed-type-template-args’ may have been intended to silence earlier diagnostics
Linking CXX executable cmTC_f5baf
/usr/bin/cmake -E cmake_link_script CMakeFiles/cmTC_f5baf.dir/link.txt --verbose=1
/usr/bin/c++ -O3 -DNDEBUG CMakeFiles/cmTC_f5baf.dir/src.cxx.o -o cmTC_f5baf
gmake[1]: Leaving directory '/home/nerdstar/NerdStar/backend/opencv/opencv_build/CMakeFiles/CMakeTmp'


===== END =====

Build output check failed:
    Regex: 'unrecognized .*option'
    Output line: 'cc1: note: unrecognized command-line option ‘-Wno-unnamed-type-template-args’ may have been intended to silence earlier diagnostics'
Compilation failed:
    source file: '/home/nerdstar/NerdStar/backend/opencv/opencv_build/CMakeFiles/CMakeTmp/src.c'
    check option: ' -fsigned-char -ffast-math -fno-finite-math-only -W -Wall -Wreturn-type -Waddress -Wsequence-point -Wformat -Wformat-security -Wmissing-declarations -Wmissing-prototypes -Wstrict-prototypes -Wundef -Winit-self -Wpointer-arith -Wshadow -Wuninitialized  -Wno-unnamed-type-template-args'
===== BUILD LOG =====
Change Dir: '/home/nerdstar/NerdStar/backend/opencv/opencv_build/CMakeFiles/CMakeTmp'

Run Build Command(s): /usr/bin/cmake -E env VERBOSE=1 /usr/bin/gmake -f Makefile cmTC_3efb1/fast
/usr/bin/gmake  -f CMakeFiles/cmTC_3efb1.dir/build.make CMakeFiles/cmTC_3efb1.dir/build
gmake[1]: Entering directory '/home/nerdstar/NerdStar/backend/opencv/opencv_build/CMakeFiles/CMakeTmp'
Building C object CMakeFiles/cmTC_3efb1.dir/src.c.o
/usr/bin/cc   -O3 -DNDEBUG -fPIE    -fsigned-char -ffast-math -fno-finite-math-only -W -Wall -Wreturn-type -Waddress -Wsequence-point -Wformat -Wformat-security -Wmissing-declarations -Wmissing-prototypes -Wstrict-prototypes -Wundef -Winit-self -Wpointer-arith -Wshadow -Wuninitialized  -Wno-unnamed-type-template-args -o CMakeFiles/cmTC_3efb1.dir/src.c.o -c /home/nerdstar/NerdStar/backend/opencv/opencv_build/CMakeFiles/CMakeTmp/src.c
/home/nerdstar/NerdStar/backend/opencv/opencv_build/CMakeFiles/CMakeTmp/src.c:1: warning: ignoring ‘#pragma  ’ [-Wunknown-pragmas]
    1 | #pragma
      | 
cc1: note: unrecognized command-line option ‘-Wno-unnamed-type-template-args’ may have been intended to silence earlier diagnostics
Linking C executable cmTC_3efb1
/usr/bin/cmake -E cmake_link_script CMakeFiles/cmTC_3efb1.dir/link.txt --verbose=1
/usr/bin/cc -O3 -DNDEBUG CMakeFiles/cmTC_3efb1.dir/src.c.o -o cmTC_3efb1
gmake[1]: Leaving directory '/home/nerdstar/NerdStar/backend/opencv/opencv_build/CMakeFiles/CMakeTmp'


===== END =====

Compilation failed:
    source file: '/home/nerdstar/NerdStar/backend/opencv/opencv/cmake/checks/cpu_sve.cpp'
    check option: ''
===== BUILD LOG =====
Change Dir: '/home/nerdstar/NerdStar/backend/opencv/opencv_build/CMakeFiles/CMakeTmp'

Run Build Command(s): /usr/bin/cmake -E env VERBOSE=1 /usr/bin/gmake -f Makefile cmTC_8b15d/fast
/usr/bin/gmake  -f CMakeFiles/cmTC_8b15d.dir/build.make CMakeFiles/cmTC_8b15d.dir/build
gmake[1]: Entering directory '/home/nerdstar/NerdStar/backend/opencv/opencv_build/CMakeFiles/CMakeTmp'
Building CXX object CMakeFiles/cmTC_8b15d.dir/cpu_sve.cpp.o
/usr/bin/c++   -O3 -DNDEBUG -std=c++17 -fPIE -o CMakeFiles/cmTC_8b15d.dir/cpu_sve.cpp.o -c /home/nerdstar/NerdStar/backend/opencv/opencv/cmake/checks/cpu_sve.cpp
/home/nerdstar/NerdStar/backend/opencv/opencv/cmake/checks/cpu_sve.cpp:17:2: error: #error "SVE is not supported"
   17 | #error "SVE is not supported"
      |  ^~~~~
/home/nerdstar/NerdStar/backend/opencv/opencv/cmake/checks/cpu_sve.cpp: In function ‘int main()’:
/home/nerdstar/NerdStar/backend/opencv/opencv/cmake/checks/cpu_sve.cpp:22:18: error: ‘test’ was not declared in this scope
   22 |   printf("%d\n", test());
      |                  ^~~~
gmake[1]: *** [CMakeFiles/cmTC_8b15d.dir/build.make:81: CMakeFiles/cmTC_8b15d.dir/cpu_sve.cpp.o] Error 1
gmake[1]: Leaving directory '/home/nerdstar/NerdStar/backend/opencv/opencv_build/CMakeFiles/CMakeTmp'
gmake: *** [Makefile:134: cmTC_8b15d/fast] Error 2


===== END =====

Compilation failed:
    source file: '/home/nerdstar/NerdStar/backend/opencv/opencv/cmake/checks/cpu_neon_dotprod.cpp'
    check option: ''
===== BUILD LOG =====
Change Dir: '/home/nerdstar/NerdStar/backend/opencv/opencv_build/CMakeFiles/CMakeTmp'

Run Build Command(s): /usr/bin/cmake -E env VERBOSE=1 /usr/bin/gmake -f Makefile cmTC_ef0ab/fast
/usr/bin/gmake  -f CMakeFiles/cmTC_ef0ab.dir/build.make CMakeFiles/cmTC_ef0ab.dir/build
gmake[1]: Entering directory '/home/nerdstar/NerdStar/backend/opencv/opencv_build/CMakeFiles/CMakeTmp'
Building CXX object CMakeFiles/cmTC_ef0ab.dir/cpu_neon_dotprod.cpp.o
/usr/bin/c++   -O3 -DNDEBUG -std=c++17 -fPIE -o CMakeFiles/cmTC_ef0ab.dir/cpu_neon_dotprod.cpp.o -c /home/nerdstar/NerdStar/backend/opencv/opencv/cmake/checks/cpu_neon_dotprod.cpp
In file included from /home/nerdstar/NerdStar/backend/opencv/opencv/cmake/checks/cpu_neon_dotprod.cpp:6:
/usr/lib/gcc/aarch64-linux-gnu/13/include/arm_neon.h: In function ‘int test()’:
/usr/lib/gcc/aarch64-linux-gnu/13/include/arm_neon.h:26767:1: error: inlining failed in call to ‘always_inline’ ‘uint32x4_t vdotq_u32(uint32x4_t, uint8x16_t, uint8x16_t)’: target specific option mismatch
26767 | vdotq_u32 (uint32x4_t __r, uint8x16_t __a, uint8x16_t __b)
      | ^~~~~~~~~
/home/nerdstar/NerdStar/backend/opencv/opencv/cmake/checks/cpu_neon_dotprod.cpp:14:33: note: called from here
   14 |     uint32x4_t v_dst = vdotq_u32(v_src, v_m0, v_m1);
      |                        ~~~~~~~~~^~~~~~~~~~~~~~~~~~~
gmake[1]: *** [CMakeFiles/cmTC_ef0ab.dir/build.make:81: CMakeFiles/cmTC_ef0ab.dir/cpu_neon_dotprod.cpp.o] Error 1
gmake[1]: Leaving directory '/home/nerdstar/NerdStar/backend/opencv/opencv_build/CMakeFiles/CMakeTmp'
gmake: *** [Makefile:134: cmTC_ef0ab/fast] Error 2


===== END =====

Compilation failed:
    source file: '/home/nerdstar/NerdStar/backend/opencv/opencv/cmake/checks/cpu_neon_fp16.cpp'
    check option: ''
===== BUILD LOG =====
Change Dir: '/home/nerdstar/NerdStar/backend/opencv/opencv_build/CMakeFiles/CMakeTmp'

Run Build Command(s): /usr/bin/cmake -E env VERBOSE=1 /usr/bin/gmake -f Makefile cmTC_ac45a/fast
/usr/bin/gmake  -f CMakeFiles/cmTC_ac45a.dir/build.make CMakeFiles/cmTC_ac45a.dir/build
gmake[1]: Entering directory '/home/nerdstar/NerdStar/backend/opencv/opencv_build/CMakeFiles/CMakeTmp'
Building CXX object CMakeFiles/cmTC_ac45a.dir/cpu_neon_fp16.cpp.o
/usr/bin/c++   -O3 -DNDEBUG -std=c++17 -fPIE -o CMakeFiles/cmTC_ac45a.dir/cpu_neon_fp16.cpp.o -c /home/nerdstar/NerdStar/backend/opencv/opencv/cmake/checks/cpu_neon_fp16.cpp
In file included from /home/nerdstar/NerdStar/backend/opencv/opencv/cmake/checks/cpu_neon_fp16.cpp:5:
/usr/lib/gcc/aarch64-linux-gnu/13/include/arm_neon.h: In function ‘void test()’:
/usr/lib/gcc/aarch64-linux-gnu/13/include/arm_neon.h:26499:1: error: inlining failed in call to ‘always_inline’ ‘float16x8_t vfmaq_laneq_f16(float16x8_t, float16x8_t, float16x8_t, int)’: target specific option mismatch
26499 | vfmaq_laneq_f16 (float16x8_t __a, float16x8_t __b,
      | ^~~~~~~~~~~~~~~
/home/nerdstar/NerdStar/backend/opencv/opencv/cmake/checks/cpu_neon_fp16.cpp:29:24: note: called from here
   29 |     d = vfmaq_laneq_f16(d, s1, s2, 0);
      |         ~~~~~~~~~~~~~~~^~~~~~~~~~~~~~
/usr/lib/gcc/aarch64-linux-gnu/13/include/arm_neon.h:26420:1: error: inlining failed in call to ‘always_inline’ ‘float16x8_t vsubq_f16(float16x8_t, float16x8_t)’: target specific option mismatch
26420 | vsubq_f16 (float16x8_t __a, float16x8_t __b)
      | ^~~~~~~~~
/home/nerdstar/NerdStar/backend/opencv/opencv/cmake/checks/cpu_neon_fp16.cpp:28:30: note: called from here
   28 |     float16x8_t d = vsubq_f16(s1, s1);
      |                     ~~~~~~~~~^~~~~~~~
/usr/lib/gcc/aarch64-linux-gnu/13/include/arm_neon.h:26499:1: error: inlining failed in call to ‘always_inline’ ‘float16x8_t vfmaq_laneq_f16(float16x8_t, float16x8_t, float16x8_t, int)’: target specific option mismatch
26499 | vfmaq_laneq_f16 (float16x8_t __a, float16x8_t __b,
      | ^~~~~~~~~~~~~~~
/home/nerdstar/NerdStar/backend/opencv/opencv/cmake/checks/cpu_neon_fp16.cpp:30:24: note: called from here
   30 |     d = vfmaq_laneq_f16(d, s1, s2, 1);
      |         ~~~~~~~~~~~~~~~^~~~~~~~~~~~~~
/usr/lib/gcc/aarch64-linux-gnu/13/include/arm_neon.h:26499:1: error: inlining failed in call to ‘always_inline’ ‘float16x8_t vfmaq_laneq_f16(float16x8_t, float16x8_t, float16x8_t, int)’: target specific option mismatch
26499 | vfmaq_laneq_f16 (float16x8_t __a, float16x8_t __b,
      | ^~~~~~~~~~~~~~~
/home/nerdstar/NerdStar/backend/opencv/opencv/cmake/checks/cpu_neon_fp16.cpp:31:24: note: called from here
   31 |     d = vfmaq_laneq_f16(d, s1, s2, 2);
      |         ~~~~~~~~~~~~~~~^~~~~~~~~~~~~~
/usr/lib/gcc/aarch64-linux-gnu/13/include/arm_neon.h:26499:1: error: inlining failed in call to ‘always_inline’ ‘float16x8_t vfmaq_laneq_f16(float16x8_t, float16x8_t, float16x8_t, int)’: target specific option mismatch
26499 | vfmaq_laneq_f16 (float16x8_t __a, float16x8_t __b,
      | ^~~~~~~~~~~~~~~
/home/nerdstar/NerdStar/backend/opencv/opencv/cmake/checks/cpu_neon_fp16.cpp:32:24: note: called from here
   32 |     d = vfmaq_laneq_f16(d, s1, s2, 3);
      |         ~~~~~~~~~~~~~~~^~~~~~~~~~~~~~
/usr/lib/gcc/aarch64-linux-gnu/13/include/arm_neon.h:26499:1: error: inlining failed in call to ‘always_inline’ ‘float16x8_t vfmaq_laneq_f16(float16x8_t, float16x8_t, float16x8_t, int)’: target specific option mismatch
26499 | vfmaq_laneq_f16 (float16x8_t __a, float16x8_t __b,
      | ^~~~~~~~~~~~~~~
/home/nerdstar/NerdStar/backend/opencv/opencv/cmake/checks/cpu_neon_fp16.cpp:33:24: note: called from here
   33 |     d = vfmaq_laneq_f16(d, s1, s2, 4);
      |         ~~~~~~~~~~~~~~~^~~~~~~~~~~~~~
/usr/lib/gcc/aarch64-linux-gnu/13/include/arm_neon.h:26499:1: error: inlining failed in call to ‘always_inline’ ‘float16x8_t vfmaq_laneq_f16(float16x8_t, float16x8_t, float16x8_t, int)’: target specific option mismatch
26499 | vfmaq_laneq_f16 (float16x8_t __a, float16x8_t __b,
      | ^~~~~~~~~~~~~~~
/home/nerdstar/NerdStar/backend/opencv/opencv/cmake/checks/cpu_neon_fp16.cpp:34:24: note: called from here
   34 |     d = vfmaq_laneq_f16(d, s1, s2, 5);
      |         ~~~~~~~~~~~~~~~^~~~~~~~~~~~~~
/usr/lib/gcc/aarch64-linux-gnu/13/include/arm_neon.h:26499:1: error: inlining failed in call to ‘always_inline’ ‘float16x8_t vfmaq_laneq_f16(float16x8_t, float16x8_t, float16x8_t, int)’: target specific option mismatch
26499 | vfmaq_laneq_f16 (float16x8_t __a, float16x8_t __b,
      | ^~~~~~~~~~~~~~~
/home/nerdstar/NerdStar/backend/opencv/opencv/cmake/checks/cpu_neon_fp16.cpp:35:24: note: called from here
   35 |     d = vfmaq_laneq_f16(d, s1, s2, 6);
      |         ~~~~~~~~~~~~~~~^~~~~~~~~~~~~~
/usr/lib/gcc/aarch64-linux-gnu/13/include/arm_neon.h:26499:1: error: inlining failed in call to ‘always_inline’ ‘float16x8_t vfmaq_laneq_f16(float16x8_t, float16x8_t, float16x8_t, int)’: target specific option mismatch
26499 | vfmaq_laneq_f16 (float16x8_t __a, float16x8_t __b,
      | ^~~~~~~~~~~~~~~
/home/nerdstar/NerdStar/backend/opencv/opencv/cmake/checks/cpu_neon_fp16.cpp:36:24: note: called from here
   36 |     d = vfmaq_laneq_f16(d, s1, s2, 7);
      |         ~~~~~~~~~~~~~~~^~~~~~~~~~~~~~
/usr/lib/gcc/aarch64-linux-gnu/13/include/arm_neon.h:26499:1: error: inlining failed in call to ‘always_inline’ ‘float16x8_t vfmaq_laneq_f16(float16x8_t, float16x8_t, float16x8_t, int)’: target specific option mismatch
26499 | vfmaq_laneq_f16 (float16x8_t __a, float16x8_t __b,
      | ^~~~~~~~~~~~~~~
/home/nerdstar/NerdStar/backend/opencv/opencv/cmake/checks/cpu_neon_fp16.cpp:29:24: note: called from here
   29 |     d = vfmaq_laneq_f16(d, s1, s2, 0);
      |         ~~~~~~~~~~~~~~~^~~~~~~~~~~~~~
/usr/lib/gcc/aarch64-linux-gnu/13/include/arm_neon.h:26420:1: error: inlining failed in call to ‘always_inline’ ‘float16x8_t vsubq_f16(float16x8_t, float16x8_t)’: target specific option mismatch
26420 | vsubq_f16 (float16x8_t __a, float16x8_t __b)
      | ^~~~~~~~~
/home/nerdstar/NerdStar/backend/opencv/opencv/cmake/checks/cpu_neon_fp16.cpp:28:30: note: called from here
   28 |     float16x8_t d = vsubq_f16(s1, s1);
      |                     ~~~~~~~~~^~~~~~~~
/usr/lib/gcc/aarch64-linux-gnu/13/include/arm_neon.h:26499:1: error: inlining failed in call to ‘always_inline’ ‘float16x8_t vfmaq_laneq_f16(float16x8_t, float16x8_t, float16x8_t, int)’: target specific option mismatch
26499 | vfmaq_laneq_f16 (float16x8_t __a, float16x8_t __b,
      | ^~~~~~~~~~~~~~~
/home/nerdstar/NerdStar/backend/opencv/opencv/cmake/checks/cpu_neon_fp16.cpp:29:24: note: called from here
   29 |     d = vfmaq_laneq_f16(d, s1, s2, 0);
      |         ~~~~~~~~~~~~~~~^~~~~~~~~~~~~~
/usr/lib/gcc/aarch64-linux-gnu/13/include/arm_neon.h:26420:1: error: inlining failed in call to ‘always_inline’ ‘float16x8_t vsubq_f16(float16x8_t, float16x8_t)’: target specific option mismatch
26420 | vsubq_f16 (float16x8_t __a, float16x8_t __b)
      | ^~~~~~~~~
/home/nerdstar/NerdStar/backend/opencv/opencv/cmake/checks/cpu_neon_fp16.cpp:28:30: note: called from here
   28 |     float16x8_t d = vsubq_f16(s1, s1);
      |                     ~~~~~~~~~^~~~~~~~
/usr/lib/gcc/aarch64-linux-gnu/13/include/arm_neon.h:26499:1: error: inlining failed in call to ‘always_inline’ ‘float16x8_t vfmaq_laneq_f16(float16x8_t, float16x8_t, float16x8_t, int)’: target specific option mismatch
26499 | vfmaq_laneq_f16 (float16x8_t __a, float16x8_t __b,
      | ^~~~~~~~~~~~~~~
/home/nerdstar/NerdStar/backend/opencv/opencv/cmake/checks/cpu_neon_fp16.cpp:30:24: note: called from here
   30 |     d = vfmaq_laneq_f16(d, s1, s2, 1);
      |         ~~~~~~~~~~~~~~~^~~~~~~~~~~~~~
/usr/lib/gcc/aarch64-linux-gnu/13/include/arm_neon.h:26499:1: error: inlining failed in call to ‘always_inline’ ‘float16x8_t vfmaq_laneq_f16(float16x8_t, float16x8_t, float16x8_t, int)’: target specific option mismatch
26499 | vfmaq_laneq_f16 (float16x8_t __a, float16x8_t __b,
      | ^~~~~~~~~~~~~~~
/home/nerdstar/NerdStar/backend/opencv/opencv/cmake/checks/cpu_neon_fp16.cpp:31:24: note: called from here
   31 |     d = vfmaq_laneq_f16(d, s1, s2, 2);
      |         ~~~~~~~~~~~~~~~^~~~~~~~~~~~~~
/usr/lib/gcc/aarch64-linux-gnu/13/include/arm_neon.h:26499:1: error: inlining failed in call to ‘always_inline’ ‘float16x8_t vfmaq_laneq_f16(float16x8_t, float16x8_t, float16x8_t, int)’: target specific option mismatch
26499 | vfmaq_laneq_f16 (float16x8_t __a, float16x8_t __b,
      | ^~~~~~~~~~~~~~~
/home/nerdstar/NerdStar/backend/opencv/opencv/cmake/checks/cpu_neon_fp16.cpp:32:24: note: called from here
   32 |     d = vfmaq_laneq_f16(d, s1, s2, 3);
      |         ~~~~~~~~~~~~~~~^~~~~~~~~~~~~~
/usr/lib/gcc/aarch64-linux-gnu/13/include/arm_neon.h:26499:1: error: inlining failed in call to ‘always_inline’ ‘float16x8_t vfmaq_laneq_f16(float16x8_t, float16x8_t, float16x8_t, int)’: target specific option mismatch
26499 | vfmaq_laneq_f16 (float16x8_t __a, float16x8_t __b,
      | ^~~~~~~~~~~~~~~
/home/nerdstar/NerdStar/backend/opencv/opencv/cmake/checks/cpu_neon_fp16.cpp:33:24: note: called from here
   33 |     d = vfmaq_laneq_f16(d, s1, s2, 4);
      |         ~~~~~~~~~~~~~~~^~~~~~~~~~~~~~
/usr/lib/gcc/aarch64-linux-gnu/13/include/arm_neon.h:26499:1: error: inlining failed in call to ‘always_inline’ ‘float16x8_t vfmaq_laneq_f16(float16x8_t, float16x8_t, float16x8_t, int)’: target specific option mismatch
26499 | vfmaq_laneq_f16 (float16x8_t __a, float16x8_t __b,
      | ^~~~~~~~~~~~~~~
/home/nerdstar/NerdStar/backend/opencv/opencv/cmake/checks/cpu_neon_fp16.cpp:34:24: note: called from here
   34 |     d = vfmaq_laneq_f16(d, s1, s2, 5);
      |         ~~~~~~~~~~~~~~~^~~~~~~~~~~~~~
/usr/lib/gcc/aarch64-linux-gnu/13/include/arm_neon.h:26499:1: error: inlining failed in call to ‘always_inline’ ‘float16x8_t vfmaq_laneq_f16(float16x8_t, float16x8_t, float16x8_t, int)’: target specific option mismatch
26499 | vfmaq_laneq_f16 (float16x8_t __a, float16x8_t __b,
      | ^~~~~~~~~~~~~~~
/home/nerdstar/NerdStar/backend/opencv/opencv/cmake/checks/cpu_neon_fp16.cpp:35:24: note: called from here
   35 |     d = vfmaq_laneq_f16(d, s1, s2, 6);
      |         ~~~~~~~~~~~~~~~^~~~~~~~~~~~~~
/usr/lib/gcc/aarch64-linux-gnu/13/include/arm_neon.h:26499:1: error: inlining failed in call to ‘always_inline’ ‘float16x8_t vfmaq_laneq_f16(float16x8_t, float16x8_t, float16x8_t, int)’: target specific option mismatch
26499 | vfmaq_laneq_f16 (float16x8_t __a, float16x8_t __b,
      | ^~~~~~~~~~~~~~~
/home/nerdstar/NerdStar/backend/opencv/opencv/cmake/checks/cpu_neon_fp16.cpp:36:24: note: called from here
   36 |     d = vfmaq_laneq_f16(d, s1, s2, 7);
      |         ~~~~~~~~~~~~~~~^~~~~~~~~~~~~~
gmake[1]: *** [CMakeFiles/cmTC_ac45a.dir/build.make:81: CMakeFiles/cmTC_ac45a.dir/cpu_neon_fp16.cpp.o] Error 1
gmake[1]: Leaving directory '/home/nerdstar/NerdStar/backend/opencv/opencv_build/CMakeFiles/CMakeTmp'
gmake: *** [Makefile:134: cmTC_ac45a/fast] Error 2


===== END =====

Compilation failed:
    source file: '/home/nerdstar/NerdStar/backend/opencv/opencv/cmake/checks/cpu_neon_bf16.cpp'
    check option: ''
===== BUILD LOG =====
Change Dir: '/home/nerdstar/NerdStar/backend/opencv/opencv_build/CMakeFiles/CMakeTmp'

Run Build Command(s): /usr/bin/cmake -E env VERBOSE=1 /usr/bin/gmake -f Makefile cmTC_34366/fast
/usr/bin/gmake  -f CMakeFiles/cmTC_34366.dir/build.make CMakeFiles/cmTC_34366.dir/build
gmake[1]: Entering directory '/home/nerdstar/NerdStar/backend/opencv/opencv_build/CMakeFiles/CMakeTmp'
Building CXX object CMakeFiles/cmTC_34366.dir/cpu_neon_bf16.cpp.o
/usr/bin/c++   -O3 -DNDEBUG -std=c++17 -fPIE -o CMakeFiles/cmTC_34366.dir/cpu_neon_bf16.cpp.o -c /home/nerdstar/NerdStar/backend/opencv/opencv/cmake/checks/cpu_neon_bf16.cpp
In file included from /home/nerdstar/NerdStar/backend/opencv/opencv/cmake/checks/cpu_neon_bf16.cpp:3:
/usr/lib/gcc/aarch64-linux-gnu/13/include/arm_neon.h: In function ‘bfloat16x8_t vld1q_as_bf16(const float*)’:
/usr/lib/gcc/aarch64-linux-gnu/13/include/arm_neon.h:27898:1: error: inlining failed in call to ‘always_inline’ ‘bfloat16x8_t vcombine_bf16(bfloat16x4_t, bfloat16x4_t)’: target specific option mismatch
27898 | vcombine_bf16 (bfloat16x4_t __a, bfloat16x4_t __b)
      | ^~~~~~~~~~~~~
/home/nerdstar/NerdStar/backend/opencv/opencv/cmake/checks/cpu_neon_bf16.cpp:14:25: note: called from here
   14 |     return vcombine_bf16(vcvt_bf16_f32(s0), vcvt_bf16_f32(s1));
      |            ~~~~~~~~~~~~~^~~~~~~~~~~~~~~~~~~~~~~~~~~~~~~~~~~~~~
/usr/lib/gcc/aarch64-linux-gnu/13/include/arm_neon.h:28382:1: error: inlining failed in call to ‘always_inline’ ‘bfloat16x4_t vcvt_bf16_f32(float32x4_t)’: target specific option mismatch
28382 | vcvt_bf16_f32 (float32x4_t __a)
      | ^~~~~~~~~~~~~
/home/nerdstar/NerdStar/backend/opencv/opencv/cmake/checks/cpu_neon_bf16.cpp:14:25: note: called from here
   14 |     return vcombine_bf16(vcvt_bf16_f32(s0), vcvt_bf16_f32(s1));
      |            ~~~~~~~~~~~~~^~~~~~~~~~~~~~~~~~~~~~~~~~~~~~~~~~~~~~
/usr/lib/gcc/aarch64-linux-gnu/13/include/arm_neon.h:28382:1: error: inlining failed in call to ‘always_inline’ ‘bfloat16x4_t vcvt_bf16_f32(float32x4_t)’: target specific option mismatch
28382 | vcvt_bf16_f32 (float32x4_t __a)
      | ^~~~~~~~~~~~~
/home/nerdstar/NerdStar/backend/opencv/opencv/cmake/checks/cpu_neon_bf16.cpp:14:25: note: called from here
   14 |     return vcombine_bf16(vcvt_bf16_f32(s0), vcvt_bf16_f32(s1));
      |            ~~~~~~~~~~~~~^~~~~~~~~~~~~~~~~~~~~~~~~~~~~~~~~~~~~~
/usr/lib/gcc/aarch64-linux-gnu/13/include/arm_neon.h:27898:1: error: inlining failed in call to ‘always_inline’ ‘bfloat16x8_t vcombine_bf16(bfloat16x4_t, bfloat16x4_t)’: target specific option mismatch
27898 | vcombine_bf16 (bfloat16x4_t __a, bfloat16x4_t __b)
      | ^~~~~~~~~~~~~
/home/nerdstar/NerdStar/backend/opencv/opencv/cmake/checks/cpu_neon_bf16.cpp:14:25: note: called from here
   14 |     return vcombine_bf16(vcvt_bf16_f32(s0), vcvt_bf16_f32(s1));
      |            ~~~~~~~~~~~~~^~~~~~~~~~~~~~~~~~~~~~~~~~~~~~~~~~~~~~
/usr/lib/gcc/aarch64-linux-gnu/13/include/arm_neon.h:28382:1: error: inlining failed in call to ‘always_inline’ ‘bfloat16x4_t vcvt_bf16_f32(float32x4_t)’: target specific option mismatch
28382 | vcvt_bf16_f32 (float32x4_t __a)
      | ^~~~~~~~~~~~~
/home/nerdstar/NerdStar/backend/opencv/opencv/cmake/checks/cpu_neon_bf16.cpp:14:25: note: called from here
   14 |     return vcombine_bf16(vcvt_bf16_f32(s0), vcvt_bf16_f32(s1));
      |            ~~~~~~~~~~~~~^~~~~~~~~~~~~~~~~~~~~~~~~~~~~~~~~~~~~~
/usr/lib/gcc/aarch64-linux-gnu/13/include/arm_neon.h:28382:1: error: inlining failed in call to ‘always_inline’ ‘bfloat16x4_t vcvt_bf16_f32(float32x4_t)’: target specific option mismatch
28382 | vcvt_bf16_f32 (float32x4_t __a)
      | ^~~~~~~~~~~~~
/home/nerdstar/NerdStar/backend/opencv/opencv/cmake/checks/cpu_neon_bf16.cpp:14:25: note: called from here
   14 |     return vcombine_bf16(vcvt_bf16_f32(s0), vcvt_bf16_f32(s1));
      |            ~~~~~~~~~~~~~^~~~~~~~~~~~~~~~~~~~~~~~~~~~~~~~~~~~~~
gmake[1]: *** [CMakeFiles/cmTC_34366.dir/build.make:81: CMakeFiles/cmTC_34366.dir/cpu_neon_bf16.cpp.o] Error 1
gmake[1]: Leaving directory '/home/nerdstar/NerdStar/backend/opencv/opencv_build/CMakeFiles/CMakeTmp'
gmake: *** [Makefile:134: cmTC_34366/fast] Error 2


===== END =====

Build output check failed:
    Regex: 'command[- ]line option .* is valid for .* but not for C'
    Output line: 'cc1: warning: command-line option ‘-fvisibility-inlines-hidden’ is valid for C++/ObjC++ but not for C'
Compilation failed:
    source file: '/home/nerdstar/NerdStar/backend/opencv/opencv_build/CMakeFiles/CMakeTmp/src.c'
    check option: ' -fsigned-char -ffast-math -fno-finite-math-only -W -Wall -Wreturn-type -Waddress -Wsequence-point -Wformat -Wformat-security -Wmissing-declarations -Wmissing-prototypes -Wstrict-prototypes -Wundef -Winit-self -Wpointer-arith -Wshadow -Wuninitialized -Wno-comment -Wimplicit-fallthrough=3 -Wno-strict-overflow -fdiagnostics-show-option -pthread -fomit-frame-pointer -ffunction-sections -fdata-sections  -fvisibility=hidden  -fvisibility-inlines-hidden'
===== BUILD LOG =====
Change Dir: '/home/nerdstar/NerdStar/backend/opencv/opencv_build/CMakeFiles/CMakeTmp'

Run Build Command(s): /usr/bin/cmake -E env VERBOSE=1 /usr/bin/gmake -f Makefile cmTC_84dc2/fast
/usr/bin/gmake  -f CMakeFiles/cmTC_84dc2.dir/build.make CMakeFiles/cmTC_84dc2.dir/build
gmake[1]: Entering directory '/home/nerdstar/NerdStar/backend/opencv/opencv_build/CMakeFiles/CMakeTmp'
Building C object CMakeFiles/cmTC_84dc2.dir/src.c.o
/usr/bin/cc   -O3 -DNDEBUG -fPIE    -fsigned-char -ffast-math -fno-finite-math-only -W -Wall -Wreturn-type -Waddress -Wsequence-point -Wformat -Wformat-security -Wmissing-declarations -Wmissing-prototypes -Wstrict-prototypes -Wundef -Winit-self -Wpointer-arith -Wshadow -Wuninitialized -Wno-comment -Wimplicit-fallthrough=3 -Wno-strict-overflow -fdiagnostics-show-option -pthread -fomit-frame-pointer -ffunction-sections -fdata-sections  -fvisibility=hidden  -fvisibility-inlines-hidden -o CMakeFiles/cmTC_84dc2.dir/src.c.o -c /home/nerdstar/NerdStar/backend/opencv/opencv_build/CMakeFiles/CMakeTmp/src.c
cc1: warning: command-line option ‘-fvisibility-inlines-hidden’ is valid for C++/ObjC++ but not for C
/home/nerdstar/NerdStar/backend/opencv/opencv_build/CMakeFiles/CMakeTmp/src.c:1: warning: ignoring ‘#pragma  ’ [-Wunknown-pragmas]
    1 | #pragma
      | 
Linking C executable cmTC_84dc2
/usr/bin/cmake -E cmake_link_script CMakeFiles/cmTC_84dc2.dir/link.txt --verbose=1
/usr/bin/cc -O3 -DNDEBUG CMakeFiles/cmTC_84dc2.dir/src.c.o -o cmTC_84dc2
gmake[1]: Leaving directory '/home/nerdstar/NerdStar/backend/opencv/opencv_build/CMakeFiles/CMakeTmp'


===== END =====

Build output check failed:
    Regex: 'unrecognized .*option'
    Output line: 'cc1: note: unrecognized command-line option ‘-Wno-implicit-const-int-float-conversion’ may have been intended to silence earlier diagnostics'
Compilation failed:
    source file: '/home/nerdstar/NerdStar/backend/opencv/opencv_build/CMakeFiles/CMakeTmp/src.c'
    check option: ' -Wno-implicit-const-int-float-conversion'
===== BUILD LOG =====
Change Dir: '/home/nerdstar/NerdStar/backend/opencv/opencv_build/CMakeFiles/CMakeTmp'

Run Build Command(s): /usr/bin/cmake -E env VERBOSE=1 /usr/bin/gmake -f Makefile cmTC_9bd10/fast
/usr/bin/gmake  -f CMakeFiles/cmTC_9bd10.dir/build.make CMakeFiles/cmTC_9bd10.dir/build
gmake[1]: Entering directory '/home/nerdstar/NerdStar/backend/opencv/opencv_build/CMakeFiles/CMakeTmp'
Building C object CMakeFiles/cmTC_9bd10.dir/src.c.o
/usr/bin/cc   -fsigned-char -ffast-math -fno-finite-math-only -W -Wall -Wreturn-type -Waddress -Wsequence-point -Wformat -Wformat-security -Wmissing-declarations -Wmissing-prototypes -Wstrict-prototypes -Wundef -Winit-self -Wpointer-arith -Wshadow -Wuninitialized -Wno-comment -Wimplicit-fallthrough=3 -Wno-strict-overflow -fdiagnostics-show-option -pthread -fomit-frame-pointer -ffunction-sections -fdata-sections  -fvisibility=hidden  -O3 -DNDEBUG  -DNDEBUG -fPIE    -Wno-implicit-const-int-float-conversion -o CMakeFiles/cmTC_9bd10.dir/src.c.o -c /home/nerdstar/NerdStar/backend/opencv/opencv_build/CMakeFiles/CMakeTmp/src.c
/home/nerdstar/NerdStar/backend/opencv/opencv_build/CMakeFiles/CMakeTmp/src.c:1: warning: ignoring ‘#pragma  ’ [-Wunknown-pragmas]
    1 | #pragma
      | 
cc1: note: unrecognized command-line option ‘-Wno-implicit-const-int-float-conversion’ may have been intended to silence earlier diagnostics
Linking C executable cmTC_9bd10
/usr/bin/cmake -E cmake_link_script CMakeFiles/cmTC_9bd10.dir/link.txt --verbose=1
/usr/bin/cc    -fsigned-char -ffast-math -fno-finite-math-only -W -Wall -Wreturn-type -Waddress -Wsequence-point -Wformat -Wformat-security -Wmissing-declarations -Wmissing-prototypes -Wstrict-prototypes -Wundef -Winit-self -Wpointer-arith -Wshadow -Wuninitialized -Wno-comment -Wimplicit-fallthrough=3 -Wno-strict-overflow -fdiagnostics-show-option -pthread -fomit-frame-pointer -ffunction-sections -fdata-sections  -fvisibility=hidden  -O3 -DNDEBUG  -DNDEBUG   -Wl,--gc-sections -Wl,--as-needed -Wl,--no-undefined  CMakeFiles/cmTC_9bd10.dir/src.c.o -o cmTC_9bd10
gmake[1]: Leaving directory '/home/nerdstar/NerdStar/backend/opencv/opencv_build/CMakeFiles/CMakeTmp'


===== END =====

Build output check failed:
    Regex: 'unrecognized .*option'
    Output line: 'cc1: note: unrecognized command-line option ‘-Wno-documentation’ may have been intended to silence earlier diagnostics'
Compilation failed:
    source file: '/home/nerdstar/NerdStar/backend/opencv/opencv_build/CMakeFiles/CMakeTmp/src.c'
    check option: ' -Wno-documentation'
===== BUILD LOG =====
Change Dir: '/home/nerdstar/NerdStar/backend/opencv/opencv_build/CMakeFiles/CMakeTmp'

Run Build Command(s): /usr/bin/cmake -E env VERBOSE=1 /usr/bin/gmake -f Makefile cmTC_5b699/fast
/usr/bin/gmake  -f CMakeFiles/cmTC_5b699.dir/build.make CMakeFiles/cmTC_5b699.dir/build
gmake[1]: Entering directory '/home/nerdstar/NerdStar/backend/opencv/opencv_build/CMakeFiles/CMakeTmp'
Building C object CMakeFiles/cmTC_5b699.dir/src.c.o
/usr/bin/cc   -fsigned-char -ffast-math -fno-finite-math-only -W -Wall -Wreturn-type -Waddress -Wsequence-point -Wformat -Wformat-security -Wstrict-prototypes -Wundef -Winit-self -Wpointer-arith -Wshadow -Wuninitialized -Wno-comment -Wimplicit-fallthrough=3 -Wno-strict-overflow -fdiagnostics-show-option -pthread -fomit-frame-pointer -ffunction-sections -fdata-sections  -fvisibility=hidden -Wno-unused-but-set-variable -Wno-missing-prototypes -Wno-missing-declarations  -O3 -DNDEBUG  -DNDEBUG -fPIE    -Wno-documentation -o CMakeFiles/cmTC_5b699.dir/src.c.o -c /home/nerdstar/NerdStar/backend/opencv/opencv_build/CMakeFiles/CMakeTmp/src.c
/home/nerdstar/NerdStar/backend/opencv/opencv_build/CMakeFiles/CMakeTmp/src.c:1: warning: ignoring ‘#pragma  ’ [-Wunknown-pragmas]
    1 | #pragma
      | 
cc1: note: unrecognized command-line option ‘-Wno-documentation’ may have been intended to silence earlier diagnostics
Linking C executable cmTC_5b699
/usr/bin/cmake -E cmake_link_script CMakeFiles/cmTC_5b699.dir/link.txt --verbose=1
/usr/bin/cc    -fsigned-char -ffast-math -fno-finite-math-only -W -Wall -Wreturn-type -Waddress -Wsequence-point -Wformat -Wformat-security -Wstrict-prototypes -Wundef -Winit-self -Wpointer-arith -Wshadow -Wuninitialized -Wno-comment -Wimplicit-fallthrough=3 -Wno-strict-overflow -fdiagnostics-show-option -pthread -fomit-frame-pointer -ffunction-sections -fdata-sections  -fvisibility=hidden -Wno-unused-but-set-variable -Wno-missing-prototypes -Wno-missing-declarations  -O3 -DNDEBUG  -DNDEBUG   -Wl,--gc-sections -Wl,--as-needed -Wl,--no-undefined  CMakeFiles/cmTC_5b699.dir/src.c.o -o cmTC_5b699
gmake[1]: Leaving directory '/home/nerdstar/NerdStar/backend/opencv/opencv_build/CMakeFiles/CMakeTmp'


===== END =====

Build output check failed:
    Regex: 'command[- ]line option .* is valid for .* but not for C\+\+'
    Output line: 'cc1plus: warning: command-line option ‘-Wno-missing-prototypes’ is valid for C/ObjC but not for C++'
Compilation failed:
    source file: '/home/nerdstar/NerdStar/backend/opencv/opencv_build/CMakeFiles/CMakeTmp/src.cxx'
    check option: ' -Wno-missing-prototypes'
===== BUILD LOG =====
Change Dir: '/home/nerdstar/NerdStar/backend/opencv/opencv_build/CMakeFiles/CMakeTmp'

Run Build Command(s): /usr/bin/cmake -E env VERBOSE=1 /usr/bin/gmake -f Makefile cmTC_f2781/fast
/usr/bin/gmake  -f CMakeFiles/cmTC_f2781.dir/build.make CMakeFiles/cmTC_f2781.dir/build
gmake[1]: Entering directory '/home/nerdstar/NerdStar/backend/opencv/opencv_build/CMakeFiles/CMakeTmp'
Building CXX object CMakeFiles/cmTC_f2781.dir/src.cxx.o
/usr/bin/c++   -fsigned-char -ffast-math -fno-finite-math-only -W -Wall -Wreturn-type -Wnon-virtual-dtor -Waddress -Wsequence-point -Wformat -Wformat-security -Wundef -Winit-self -Wpointer-arith -Wsign-promo -Wuninitialized -Wsuggest-override -Wno-delete-non-virtual-dtor -Wno-comment -Wimplicit-fallthrough=3 -Wno-strict-overflow -fdiagnostics-show-option -pthread -fomit-frame-pointer -ffunction-sections -fdata-sections  -fvisibility=hidden -fvisibility-inlines-hidden -Wno-unused-variable -Wno-unused-function -Wno-unused-parameter -Wno-unused-but-set-variable -Wno-shadow -Wno-missing-declarations  -O3 -DNDEBUG  -DNDEBUG -std=c++17 -fPIE    -Wno-missing-prototypes -o CMakeFiles/cmTC_f2781.dir/src.cxx.o -c /home/nerdstar/NerdStar/backend/opencv/opencv_build/CMakeFiles/CMakeTmp/src.cxx
cc1plus: warning: command-line option ‘-Wno-missing-prototypes’ is valid for C/ObjC but not for C++
/home/nerdstar/NerdStar/backend/opencv/opencv_build/CMakeFiles/CMakeTmp/src.cxx:1: warning: ignoring ‘#pragma  ’ [-Wunknown-pragmas]
    1 | #pragma
      | 
Linking CXX executable cmTC_f2781
/usr/bin/cmake -E cmake_link_script CMakeFiles/cmTC_f2781.dir/link.txt --verbose=1
/usr/bin/c++    -fsigned-char -ffast-math -fno-finite-math-only -W -Wall -Wreturn-type -Wnon-virtual-dtor -Waddress -Wsequence-point -Wformat -Wformat-security -Wundef -Winit-self -Wpointer-arith -Wsign-promo -Wuninitialized -Wsuggest-override -Wno-delete-non-virtual-dtor -Wno-comment -Wimplicit-fallthrough=3 -Wno-strict-overflow -fdiagnostics-show-option -pthread -fomit-frame-pointer -ffunction-sections -fdata-sections  -fvisibility=hidden -fvisibility-inlines-hidden -Wno-unused-variable -Wno-unused-function -Wno-unused-parameter -Wno-unused-but-set-variable -Wno-shadow -Wno-missing-declarations  -O3 -DNDEBUG  -DNDEBUG   -Wl,--gc-sections -Wl,--as-needed -Wl,--no-undefined  CMakeFiles/cmTC_f2781.dir/src.cxx.o -o cmTC_f2781
gmake[1]: Leaving directory '/home/nerdstar/NerdStar/backend/opencv/opencv_build/CMakeFiles/CMakeTmp'


===== END =====

Build output check failed:
    Regex: 'unrecognized .*option'
    Output line: 'cc1: note: unrecognized command-line option ‘-Wno-tautological-negation-compare’ may have been intended to silence earlier diagnostics'
Compilation failed:
    source file: '/home/nerdstar/NerdStar/backend/opencv/opencv_build/CMakeFiles/CMakeTmp/src.c'
    check option: ' -Wno-tautological-negation-compare'
===== BUILD LOG =====
Change Dir: '/home/nerdstar/NerdStar/backend/opencv/opencv_build/CMakeFiles/CMakeTmp'

Run Build Command(s): /usr/bin/cmake -E env VERBOSE=1 /usr/bin/gmake -f Makefile cmTC_5d8b1/fast
/usr/bin/gmake  -f CMakeFiles/cmTC_5d8b1.dir/build.make CMakeFiles/cmTC_5d8b1.dir/build
gmake[1]: Entering directory '/home/nerdstar/NerdStar/backend/opencv/opencv_build/CMakeFiles/CMakeTmp'
Building C object CMakeFiles/cmTC_5d8b1.dir/src.c.o
/usr/bin/cc   -fsigned-char -ffast-math -fno-finite-math-only -W -Wall -Wreturn-type -Waddress -Wsequence-point -Wformat -Wformat-security -Wmissing-declarations -Wmissing-prototypes -Wstrict-prototypes -Wundef -Winit-self -Wpointer-arith -Wshadow -Wuninitialized -Wno-comment -Wimplicit-fallthrough=3 -Wno-strict-overflow -fdiagnostics-show-option -pthread -fomit-frame-pointer -ffunction-sections -fdata-sections  -fvisibility=hidden -Wno-parentheses -Wno-uninitialized -Wno-array-bounds -Wno-implicit-function-declaration -Wno-unused -Wno-unused-parameter -Wno-stringop-truncation  -O3 -DNDEBUG  -DNDEBUG -fPIE    -Wno-tautological-negation-compare -o CMakeFiles/cmTC_5d8b1.dir/src.c.o -c /home/nerdstar/NerdStar/backend/opencv/opencv_build/CMakeFiles/CMakeTmp/src.c
/home/nerdstar/NerdStar/backend/opencv/opencv_build/CMakeFiles/CMakeTmp/src.c:1: warning: ignoring ‘#pragma  ’ [-Wunknown-pragmas]
    1 | #pragma
      | 
cc1: note: unrecognized command-line option ‘-Wno-tautological-negation-compare’ may have been intended to silence earlier diagnostics
Linking C executable cmTC_5d8b1
/usr/bin/cmake -E cmake_link_script CMakeFiles/cmTC_5d8b1.dir/link.txt --verbose=1
/usr/bin/cc    -fsigned-char -ffast-math -fno-finite-math-only -W -Wall -Wreturn-type -Waddress -Wsequence-point -Wformat -Wformat-security -Wmissing-declarations -Wmissing-prototypes -Wstrict-prototypes -Wundef -Winit-self -Wpointer-arith -Wshadow -Wuninitialized -Wno-comment -Wimplicit-fallthrough=3 -Wno-strict-overflow -fdiagnostics-show-option -pthread -fomit-frame-pointer -ffunction-sections -fdata-sections  -fvisibility=hidden -Wno-parentheses -Wno-uninitialized -Wno-array-bounds -Wno-implicit-function-declaration -Wno-unused -Wno-unused-parameter -Wno-stringop-truncation  -O3 -DNDEBUG  -DNDEBUG   -Wl,--gc-sections -Wl,--as-needed -Wl,--no-undefined  CMakeFiles/cmTC_5d8b1.dir/src.c.o -o cmTC_5d8b1
gmake[1]: Leaving directory '/home/nerdstar/NerdStar/backend/opencv/opencv_build/CMakeFiles/CMakeTmp'


===== END =====

Build output check failed:
    Regex: 'unrecognized .*option'
    Output line: 'cc1plus: note: unrecognized command-line option ‘-Wno-tautological-undefined-compare’ may have been intended to silence earlier diagnostics'
Compilation failed:
    source file: '/home/nerdstar/NerdStar/backend/opencv/opencv_build/CMakeFiles/CMakeTmp/src.cxx'
    check option: ' -Wno-tautological-undefined-compare'
===== BUILD LOG =====
Change Dir: '/home/nerdstar/NerdStar/backend/opencv/opencv_build/CMakeFiles/CMakeTmp'

Run Build Command(s): /usr/bin/cmake -E env VERBOSE=1 /usr/bin/gmake -f Makefile cmTC_50a05/fast
/usr/bin/gmake  -f CMakeFiles/cmTC_50a05.dir/build.make CMakeFiles/cmTC_50a05.dir/build
gmake[1]: Entering directory '/home/nerdstar/NerdStar/backend/opencv/opencv_build/CMakeFiles/CMakeTmp'
Building CXX object CMakeFiles/cmTC_50a05.dir/src.cxx.o
/usr/bin/c++   -fsigned-char -ffast-math -fno-finite-math-only -W -Wall -Wreturn-type -Wnon-virtual-dtor -Waddress -Wsequence-point -Wformat -Wformat-security -Winit-self -Wpointer-arith -Wuninitialized -Wsuggest-override -Wno-delete-non-virtual-dtor -Wno-comment -Wimplicit-fallthrough=3 -Wno-strict-overflow -fdiagnostics-show-option -pthread -fomit-frame-pointer -ffunction-sections -fdata-sections  -fvisibility=hidden -fvisibility-inlines-hidden -Wno-deprecated -Wno-missing-declarations -Wno-shadow -Wno-unused-parameter -Wno-unused-local-typedefs -Wno-sign-compare -Wno-sign-promo -Wno-undef  -O3 -DNDEBUG  -DNDEBUG -std=c++17 -fPIE    -Wno-tautological-undefined-compare -o CMakeFiles/cmTC_50a05.dir/src.cxx.o -c /home/nerdstar/NerdStar/backend/opencv/opencv_build/CMakeFiles/CMakeTmp/src.cxx
/home/nerdstar/NerdStar/backend/opencv/opencv_build/CMakeFiles/CMakeTmp/src.cxx:1: warning: ignoring ‘#pragma  ’ [-Wunknown-pragmas]
    1 | #pragma
      | 
cc1plus: note: unrecognized command-line option ‘-Wno-tautological-undefined-compare’ may have been intended to silence earlier diagnostics
Linking CXX executable cmTC_50a05
/usr/bin/cmake -E cmake_link_script CMakeFiles/cmTC_50a05.dir/link.txt --verbose=1
/usr/bin/c++    -fsigned-char -ffast-math -fno-finite-math-only -W -Wall -Wreturn-type -Wnon-virtual-dtor -Waddress -Wsequence-point -Wformat -Wformat-security -Winit-self -Wpointer-arith -Wuninitialized -Wsuggest-override -Wno-delete-non-virtual-dtor -Wno-comment -Wimplicit-fallthrough=3 -Wno-strict-overflow -fdiagnostics-show-option -pthread -fomit-frame-pointer -ffunction-sections -fdata-sections  -fvisibility=hidden -fvisibility-inlines-hidden -Wno-deprecated -Wno-missing-declarations -Wno-shadow -Wno-unused-parameter -Wno-unused-local-typedefs -Wno-sign-compare -Wno-sign-promo -Wno-undef  -O3 -DNDEBUG  -DNDEBUG   -Wl,--gc-sections -Wl,--as-needed -Wl,--no-undefined  CMakeFiles/cmTC_50a05.dir/src.cxx.o -o cmTC_50a05
gmake[1]: Leaving directory '/home/nerdstar/NerdStar/backend/opencv/opencv_build/CMakeFiles/CMakeTmp'


===== END =====

Build output check failed:
    Regex: 'unrecognized .*option'
    Output line: 'cc1plus: note: unrecognized command-line option ‘-Wno-shorten-64-to-32’ may have been intended to silence earlier diagnostics'
Compilation failed:
    source file: '/home/nerdstar/NerdStar/backend/opencv/opencv_build/CMakeFiles/CMakeTmp/src.cxx'
    check option: ' -Wno-shorten-64-to-32'
===== BUILD LOG =====
Change Dir: '/home/nerdstar/NerdStar/backend/opencv/opencv_build/CMakeFiles/CMakeTmp'

Run Build Command(s): /usr/bin/cmake -E env VERBOSE=1 /usr/bin/gmake -f Makefile cmTC_e751b/fast
/usr/bin/gmake  -f CMakeFiles/cmTC_e751b.dir/build.make CMakeFiles/cmTC_e751b.dir/build
gmake[1]: Entering directory '/home/nerdstar/NerdStar/backend/opencv/opencv_build/CMakeFiles/CMakeTmp'
Building CXX object CMakeFiles/cmTC_e751b.dir/src.cxx.o
/usr/bin/c++   -fsigned-char -ffast-math -fno-finite-math-only -W -Wall -Wreturn-type -Wnon-virtual-dtor -Waddress -Wsequence-point -Wformat -Wformat-security -Winit-self -Wpointer-arith -Wuninitialized -Wsuggest-override -Wno-delete-non-virtual-dtor -Wno-comment -Wimplicit-fallthrough=3 -Wno-strict-overflow -fdiagnostics-show-option -pthread -fomit-frame-pointer -ffunction-sections -fdata-sections  -fvisibility=hidden -fvisibility-inlines-hidden -Wno-deprecated -Wno-missing-declarations -Wno-shadow -Wno-unused-parameter -Wno-unused-local-typedefs -Wno-sign-compare -Wno-sign-promo -Wno-undef -Wno-ignored-qualifiers -Wno-extra -Wno-unused-function -Wno-unused-const-variable  -O3 -DNDEBUG  -DNDEBUG -std=c++17 -fPIE    -Wno-shorten-64-to-32 -o CMakeFiles/cmTC_e751b.dir/src.cxx.o -c /home/nerdstar/NerdStar/backend/opencv/opencv_build/CMakeFiles/CMakeTmp/src.cxx
/home/nerdstar/NerdStar/backend/opencv/opencv_build/CMakeFiles/CMakeTmp/src.cxx:1: warning: ignoring ‘#pragma  ’ [-Wunknown-pragmas]
    1 | #pragma
      | 
cc1plus: note: unrecognized command-line option ‘-Wno-shorten-64-to-32’ may have been intended to silence earlier diagnostics
Linking CXX executable cmTC_e751b
/usr/bin/cmake -E cmake_link_script CMakeFiles/cmTC_e751b.dir/link.txt --verbose=1
/usr/bin/c++    -fsigned-char -ffast-math -fno-finite-math-only -W -Wall -Wreturn-type -Wnon-virtual-dtor -Waddress -Wsequence-point -Wformat -Wformat-security -Winit-self -Wpointer-arith -Wuninitialized -Wsuggest-override -Wno-delete-non-virtual-dtor -Wno-comment -Wimplicit-fallthrough=3 -Wno-strict-overflow -fdiagnostics-show-option -pthread -fomit-frame-pointer -ffunction-sections -fdata-sections  -fvisibility=hidden -fvisibility-inlines-hidden -Wno-deprecated -Wno-missing-declarations -Wno-shadow -Wno-unused-parameter -Wno-unused-local-typedefs -Wno-sign-compare -Wno-sign-promo -Wno-undef -Wno-ignored-qualifiers -Wno-extra -Wno-unused-function -Wno-unused-const-variable  -O3 -DNDEBUG  -DNDEBUG   -Wl,--gc-sections -Wl,--as-needed -Wl,--no-undefined  CMakeFiles/cmTC_e751b.dir/src.cxx.o -o cmTC_e751b
gmake[1]: Leaving directory '/home/nerdstar/NerdStar/backend/opencv/opencv_build/CMakeFiles/CMakeTmp'


===== END =====

Build output check failed:
    Regex: 'unrecognized .*option'
    Output line: 'cc1plus: note: unrecognized command-line option ‘-Wno-enum-compare-switch’ may have been intended to silence earlier diagnostics'
Compilation failed:
    source file: '/home/nerdstar/NerdStar/backend/opencv/opencv_build/CMakeFiles/CMakeTmp/src.cxx'
    check option: ' -Wno-enum-compare-switch'
===== BUILD LOG =====
Change Dir: '/home/nerdstar/NerdStar/backend/opencv/opencv_build/CMakeFiles/CMakeTmp'

Run Build Command(s): /usr/bin/cmake -E env VERBOSE=1 /usr/bin/gmake -f Makefile cmTC_6a416/fast
/usr/bin/gmake  -f CMakeFiles/cmTC_6a416.dir/build.make CMakeFiles/cmTC_6a416.dir/build
gmake[1]: Entering directory '/home/nerdstar/NerdStar/backend/opencv/opencv_build/CMakeFiles/CMakeTmp'
Building CXX object CMakeFiles/cmTC_6a416.dir/src.cxx.o
/usr/bin/c++   -fsigned-char -ffast-math -fno-finite-math-only -W -Wall -Wreturn-type -Wnon-virtual-dtor -Waddress -Wsequence-point -Wformat -Wformat-security -Winit-self -Wpointer-arith -Wuninitialized -Wsuggest-override -Wno-delete-non-virtual-dtor -Wno-comment -Wimplicit-fallthrough=3 -Wno-strict-overflow -fdiagnostics-show-option -pthread -fomit-frame-pointer -ffunction-sections -fdata-sections  -fvisibility=hidden -fvisibility-inlines-hidden -Wno-deprecated -Wno-missing-declarations -Wno-shadow -Wno-unused-parameter -Wno-unused-local-typedefs -Wno-sign-compare -Wno-sign-promo -Wno-undef -Wno-ignored-qualifiers -Wno-extra -Wno-unused-function -Wno-unused-const-variable -Wno-invalid-offsetof  -O3 -DNDEBUG  -DNDEBUG -std=c++17 -fPIE    -Wno-enum-compare-switch -o CMakeFiles/cmTC_6a416.dir/src.cxx.o -c /home/nerdstar/NerdStar/backend/opencv/opencv_build/CMakeFiles/CMakeTmp/src.cxx
/home/nerdstar/NerdStar/backend/opencv/opencv_build/CMakeFiles/CMakeTmp/src.cxx:1: warning: ignoring ‘#pragma  ’ [-Wunknown-pragmas]
    1 | #pragma
      | 
cc1plus: note: unrecognized command-line option ‘-Wno-enum-compare-switch’ may have been intended to silence earlier diagnostics
Linking CXX executable cmTC_6a416
/usr/bin/cmake -E cmake_link_script CMakeFiles/cmTC_6a416.dir/link.txt --verbose=1
/usr/bin/c++    -fsigned-char -ffast-math -fno-finite-math-only -W -Wall -Wreturn-type -Wnon-virtual-dtor -Waddress -Wsequence-point -Wformat -Wformat-security -Winit-self -Wpointer-arith -Wuninitialized -Wsuggest-override -Wno-delete-non-virtual-dtor -Wno-comment -Wimplicit-fallthrough=3 -Wno-strict-overflow -fdiagnostics-show-option -pthread -fomit-frame-pointer -ffunction-sections -fdata-sections  -fvisibility=hidden -fvisibility-inlines-hidden -Wno-deprecated -Wno-missing-declarations -Wno-shadow -Wno-unused-parameter -Wno-unused-local-typedefs -Wno-sign-compare -Wno-sign-promo -Wno-undef -Wno-ignored-qualifiers -Wno-extra -Wno-unused-function -Wno-unused-const-variable -Wno-invalid-offsetof  -O3 -DNDEBUG  -DNDEBUG   -Wl,--gc-sections -Wl,--as-needed -Wl,--no-undefined  CMakeFiles/cmTC_6a416.dir/src.cxx.o -o cmTC_6a416
gmake[1]: Leaving directory '/home/nerdstar/NerdStar/backend/opencv/opencv_build/CMakeFiles/CMakeTmp'


===== END =====

Build output check failed:
    Regex: 'unrecognized .*option'
    Output line: 'cc1plus: note: unrecognized command-line option ‘-Wno-inconsistent-missing-override’ may have been intended to silence earlier diagnostics'
Compilation failed:
    source file: '/home/nerdstar/NerdStar/backend/opencv/opencv_build/CMakeFiles/CMakeTmp/src.cxx'
    check option: ' -Wno-inconsistent-missing-override'
===== BUILD LOG =====
Change Dir: '/home/nerdstar/NerdStar/backend/opencv/opencv_build/CMakeFiles/CMakeTmp'

Run Build Command(s): /usr/bin/cmake -E env VERBOSE=1 /usr/bin/gmake -f Makefile cmTC_066c5/fast
/usr/bin/gmake  -f CMakeFiles/cmTC_066c5.dir/build.make CMakeFiles/cmTC_066c5.dir/build
gmake[1]: Entering directory '/home/nerdstar/NerdStar/backend/opencv/opencv_build/CMakeFiles/CMakeTmp'
Building CXX object CMakeFiles/cmTC_066c5.dir/src.cxx.o
/usr/bin/c++   -fsigned-char -ffast-math -fno-finite-math-only -W -Wall -Wreturn-type -Wnon-virtual-dtor -Waddress -Wsequence-point -Wformat -Wformat-security -Winit-self -Wpointer-arith -Wuninitialized -Wno-delete-non-virtual-dtor -Wno-comment -Wimplicit-fallthrough=3 -Wno-strict-overflow -fdiagnostics-show-option -pthread -fomit-frame-pointer -ffunction-sections -fdata-sections  -fvisibility=hidden -fvisibility-inlines-hidden -Wno-deprecated -Wno-missing-declarations -Wno-shadow -Wno-unused-parameter -Wno-unused-local-typedefs -Wno-sign-compare -Wno-sign-promo -Wno-undef -Wno-ignored-qualifiers -Wno-extra -Wno-unused-function -Wno-unused-const-variable -Wno-invalid-offsetof -Wno-suggest-override  -O3 -DNDEBUG  -DNDEBUG -std=c++17 -fPIE    -Wno-inconsistent-missing-override -o CMakeFiles/cmTC_066c5.dir/src.cxx.o -c /home/nerdstar/NerdStar/backend/opencv/opencv_build/CMakeFiles/CMakeTmp/src.cxx
/home/nerdstar/NerdStar/backend/opencv/opencv_build/CMakeFiles/CMakeTmp/src.cxx:1: warning: ignoring ‘#pragma  ’ [-Wunknown-pragmas]
    1 | #pragma
      | 
cc1plus: note: unrecognized command-line option ‘-Wno-inconsistent-missing-override’ may have been intended to silence earlier diagnostics
Linking CXX executable cmTC_066c5
/usr/bin/cmake -E cmake_link_script CMakeFiles/cmTC_066c5.dir/link.txt --verbose=1
/usr/bin/c++    -fsigned-char -ffast-math -fno-finite-math-only -W -Wall -Wreturn-type -Wnon-virtual-dtor -Waddress -Wsequence-point -Wformat -Wformat-security -Winit-self -Wpointer-arith -Wuninitialized -Wno-delete-non-virtual-dtor -Wno-comment -Wimplicit-fallthrough=3 -Wno-strict-overflow -fdiagnostics-show-option -pthread -fomit-frame-pointer -ffunction-sections -fdata-sections  -fvisibility=hidden -fvisibility-inlines-hidden -Wno-deprecated -Wno-missing-declarations -Wno-shadow -Wno-unused-parameter -Wno-unused-local-typedefs -Wno-sign-compare -Wno-sign-promo -Wno-undef -Wno-ignored-qualifiers -Wno-extra -Wno-unused-function -Wno-unused-const-variable -Wno-invalid-offsetof -Wno-suggest-override  -O3 -DNDEBUG  -DNDEBUG   -Wl,--gc-sections -Wl,--as-needed -Wl,--no-undefined  CMakeFiles/cmTC_066c5.dir/src.cxx.o -o cmTC_066c5
gmake[1]: Leaving directory '/home/nerdstar/NerdStar/backend/opencv/opencv_build/CMakeFiles/CMakeTmp'


===== END =====

Build output check failed:
    Regex: 'unrecognized .*option'
    Output line: 'cc1plus: note: unrecognized command-line option ‘-Wno-comma’ may have been intended to silence earlier diagnostics'
Compilation failed:
    source file: '/home/nerdstar/NerdStar/backend/opencv/opencv_build/CMakeFiles/CMakeTmp/src.cxx'
    check option: ' -Wno-comma'
===== BUILD LOG =====
Change Dir: '/home/nerdstar/NerdStar/backend/opencv/opencv_build/CMakeFiles/CMakeTmp'

Run Build Command(s): /usr/bin/cmake -E env VERBOSE=1 /usr/bin/gmake -f Makefile cmTC_34944/fast
/usr/bin/gmake  -f CMakeFiles/cmTC_34944.dir/build.make CMakeFiles/cmTC_34944.dir/build
gmake[1]: Entering directory '/home/nerdstar/NerdStar/backend/opencv/opencv_build/CMakeFiles/CMakeTmp'
Building CXX object CMakeFiles/cmTC_34944.dir/src.cxx.o
/usr/bin/c++   -fsigned-char -ffast-math -fno-finite-math-only -W -Wall -Wreturn-type -Wnon-virtual-dtor -Waddress -Wsequence-point -Wformat -Wformat-security -Winit-self -Wpointer-arith -Wuninitialized -Wno-delete-non-virtual-dtor -Wno-comment -Wno-strict-overflow -fdiagnostics-show-option -pthread -fomit-frame-pointer -ffunction-sections -fdata-sections  -fvisibility=hidden -fvisibility-inlines-hidden -Wno-deprecated -Wno-missing-declarations -Wno-shadow -Wno-unused-parameter -Wno-unused-local-typedefs -Wno-sign-compare -Wno-sign-promo -Wno-undef -Wno-ignored-qualifiers -Wno-extra -Wno-unused-function -Wno-unused-const-variable -Wno-invalid-offsetof -Wno-suggest-override -Wno-implicit-fallthrough -Wno-array-bounds -Wno-stringop-overflow -Wno-stringop-overread -Wno-extra-semi  -O3 -DNDEBUG  -DNDEBUG -std=c++17 -fPIE    -Wno-comma -o CMakeFiles/cmTC_34944.dir/src.cxx.o -c /home/nerdstar/NerdStar/backend/opencv/opencv_build/CMakeFiles/CMakeTmp/src.cxx
/home/nerdstar/NerdStar/backend/opencv/opencv_build/CMakeFiles/CMakeTmp/src.cxx:1: warning: ignoring ‘#pragma  ’ [-Wunknown-pragmas]
    1 | #pragma
      | 
cc1plus: note: unrecognized command-line option ‘-Wno-comma’ may have been intended to silence earlier diagnostics
Linking CXX executable cmTC_34944
/usr/bin/cmake -E cmake_link_script CMakeFiles/cmTC_34944.dir/link.txt --verbose=1
/usr/bin/c++    -fsigned-char -ffast-math -fno-finite-math-only -W -Wall -Wreturn-type -Wnon-virtual-dtor -Waddress -Wsequence-point -Wformat -Wformat-security -Winit-self -Wpointer-arith -Wuninitialized -Wno-delete-non-virtual-dtor -Wno-comment -Wno-strict-overflow -fdiagnostics-show-option -pthread -fomit-frame-pointer -ffunction-sections -fdata-sections  -fvisibility=hidden -fvisibility-inlines-hidden -Wno-deprecated -Wno-missing-declarations -Wno-shadow -Wno-unused-parameter -Wno-unused-local-typedefs -Wno-sign-compare -Wno-sign-promo -Wno-undef -Wno-ignored-qualifiers -Wno-extra -Wno-unused-function -Wno-unused-const-variable -Wno-invalid-offsetof -Wno-suggest-override -Wno-implicit-fallthrough -Wno-array-bounds -Wno-stringop-overflow -Wno-stringop-overread -Wno-extra-semi  -O3 -DNDEBUG  -DNDEBUG   -Wl,--gc-sections -Wl,--as-needed -Wl,--no-undefined  CMakeFiles/cmTC_34944.dir/src.cxx.o -o cmTC_34944
gmake[1]: Leaving directory '/home/nerdstar/NerdStar/backend/opencv/opencv_build/CMakeFiles/CMakeTmp'


===== END =====

Build output check failed:
    Regex: 'unrecognized .*option'
    Output line: 'cc1plus: note: unrecognized command-line option ‘-Wno-unused-private-field’ may have been intended to silence earlier diagnostics'
Compilation failed:
    source file: '/home/nerdstar/NerdStar/backend/opencv/opencv_build/CMakeFiles/CMakeTmp/src.cxx'
    check option: ' -Wno-unused-private-field'
===== BUILD LOG =====
Change Dir: '/home/nerdstar/NerdStar/backend/opencv/opencv_build/CMakeFiles/CMakeTmp'

Run Build Command(s): /usr/bin/cmake -E env VERBOSE=1 /usr/bin/gmake -f Makefile cmTC_d5901/fast
/usr/bin/gmake  -f CMakeFiles/cmTC_d5901.dir/build.make CMakeFiles/cmTC_d5901.dir/build
gmake[1]: Entering directory '/home/nerdstar/NerdStar/backend/opencv/opencv_build/CMakeFiles/CMakeTmp'
Building CXX object CMakeFiles/cmTC_d5901.dir/src.cxx.o
/usr/bin/c++   -fsigned-char -ffast-math -fno-finite-math-only -W -Wall -Wreturn-type -Wnon-virtual-dtor -Waddress -Wsequence-point -Wformat -Wformat-security -Wmissing-declarations -Wundef -Winit-self -Wpointer-arith -Wshadow -Wsign-promo -Wuninitialized -Wsuggest-override -Wno-delete-non-virtual-dtor -Wno-comment -Wimplicit-fallthrough=3 -Wno-strict-overflow -fdiagnostics-show-option -pthread -fomit-frame-pointer -ffunction-sections -fdata-sections  -fvisibility=hidden -fvisibility-inlines-hidden -Wno-unused-function -Wno-deprecated-declarations -Wno-overloaded-virtual  -O3 -DNDEBUG  -DNDEBUG -std=c++17 -fPIE    -Wno-unused-private-field -o CMakeFiles/cmTC_d5901.dir/src.cxx.o -c /home/nerdstar/NerdStar/backend/opencv/opencv_build/CMakeFiles/CMakeTmp/src.cxx
/home/nerdstar/NerdStar/backend/opencv/opencv_build/CMakeFiles/CMakeTmp/src.cxx:1: warning: ignoring ‘#pragma  ’ [-Wunknown-pragmas]
    1 | #pragma
      | 
cc1plus: note: unrecognized command-line option ‘-Wno-unused-private-field’ may have been intended to silence earlier diagnostics
Linking CXX executable cmTC_d5901
/usr/bin/cmake -E cmake_link_script CMakeFiles/cmTC_d5901.dir/link.txt --verbose=1
/usr/bin/c++    -fsigned-char -ffast-math -fno-finite-math-only -W -Wall -Wreturn-type -Wnon-virtual-dtor -Waddress -Wsequence-point -Wformat -Wformat-security -Wmissing-declarations -Wundef -Winit-self -Wpointer-arith -Wshadow -Wsign-promo -Wuninitialized -Wsuggest-override -Wno-delete-non-virtual-dtor -Wno-comment -Wimplicit-fallthrough=3 -Wno-strict-overflow -fdiagnostics-show-option -pthread -fomit-frame-pointer -ffunction-sections -fdata-sections  -fvisibility=hidden -fvisibility-inlines-hidden -Wno-unused-function -Wno-deprecated-declarations -Wno-overloaded-virtual  -O3 -DNDEBUG  -DNDEBUG   -Wl,--gc-sections -Wl,--as-needed -Wl,--no-undefined  CMakeFiles/cmTC_d5901.dir/src.cxx.o -o cmTC_d5901
gmake[1]: Leaving directory '/home/nerdstar/NerdStar/backend/opencv/opencv_build/CMakeFiles/CMakeTmp'


===== END =====


LAPACK(Unknown) check FAILED:
    LAPACK_INCLUDE_DIR: '/home/nerdstar/NerdStar/backend/opencv/opencv/3rdparty/clapack/include'
    LAPACK_LIBRARIES: 'libclapack'
    LAPACK_LINK_LIBRARIES: '/usr/local/cuda-13.2/lib64;/usr/lib/aarch64-linux-gnu'
    Output:
Change Dir: '/home/nerdstar/NerdStar/backend/opencv/opencv_build/CMakeFiles/CMakeTmp'

Run Build Command(s): /usr/bin/cmake -E env VERBOSE=1 /usr/bin/gmake -f Makefile cmTC_885b3/fast
gmake[1]: Entering directory '/home/nerdstar/NerdStar/backend/opencv/opencv_build/CMakeFiles/CMakeTmp'
/usr/bin/gmake  -f CMakeFiles/cmTC_885b3.dir/build.make CMakeFiles/cmTC_885b3.dir/build
gmake[2]: Entering directory '/home/nerdstar/NerdStar/backend/opencv/opencv_build/CMakeFiles/CMakeTmp'
Building CXX object CMakeFiles/cmTC_885b3.dir/lapack_check.cpp.o
/usr/bin/c++  -I/home/nerdstar/NerdStar/backend/opencv/opencv/3rdparty/clapack/include -I/home/nerdstar/NerdStar/backend/opencv/opencv_build -fsigned-char -ffast-math -fno-finite-math-only -W -Wall -Wreturn-type -Wnon-virtual-dtor -Waddress -Wsequence-point -Wformat -Wformat-security -Wmissing-declarations -Wundef -Winit-self -Wpointer-arith -Wshadow -Wsign-promo -Wuninitialized -Wsuggest-override -Wno-delete-non-virtual-dtor -Wno-comment -Wimplicit-fallthrough=3 -Wno-strict-overflow -fdiagnostics-show-option -pthread -fomit-frame-pointer -ffunction-sections -fdata-sections  -fvisibility=hidden -fvisibility-inlines-hidden  -O3 -DNDEBUG  -DNDEBUG -std=c++17 -fPIE -o CMakeFiles/cmTC_885b3.dir/lapack_check.cpp.o -c /home/nerdstar/NerdStar/backend/opencv/opencv/cmake/checks/lapack_check.cpp
Linking CXX executable cmTC_885b3
/usr/bin/cmake -E cmake_link_script CMakeFiles/cmTC_885b3.dir/link.txt --verbose=1
/usr/bin/ld: cannot find -llibclapack: No such file or directory
collect2: error: ld returned 1 exit status
/usr/bin/c++    -fsigned-char -ffast-math -fno-finite-math-only -W -Wall -Wreturn-type -Wnon-virtual-dtor -Waddress -Wsequence-point -Wformat -Wformat-security -Wmissing-declarations -Wundef -Winit-self -Wpointer-arith -Wshadow -Wsign-promo -Wuninitialized -Wsuggest-override -Wno-delete-non-virtual-dtor -Wno-comment -Wimplicit-fallthrough=3 -Wno-strict-overflow -fdiagnostics-show-option -pthread -fomit-frame-pointer -ffunction-sections -fdata-sections  -fvisibility=hidden -fvisibility-inlines-hidden  -O3 -DNDEBUG  -DNDEBUG   -Wl,--gc-sections -Wl,--as-needed -Wl,--no-undefined  CMakeFiles/cmTC_885b3.dir/lapack_check.cpp.o -o cmTC_885b3   -L/usr/local/cuda-13.2/lib64  -Wl,-rpath,/usr/local/cuda-13.2/lib64 -llibclapack
gmake[2]: *** [CMakeFiles/cmTC_885b3.dir/build.make:102: cmTC_885b3] Error 1
gmake[2]: Leaving directory '/home/nerdstar/NerdStar/backend/opencv/opencv_build/CMakeFiles/CMakeTmp'
gmake[1]: *** [Makefile:134: cmTC_885b3/fast] Error 2
gmake[1]: Leaving directory '/home/nerdstar/NerdStar/backend/opencv/opencv_build/CMakeFiles/CMakeTmp'



